Archive member included because of file (symbol)

d:/imt/tools/01- imt sdk-20230713t230121z-001/01- imt sdk/imt_sdk_win_64/winavr/bin/../lib/gcc/avr/4.3.3/avr5\libgcc.a(_exit.o)
                              d:/imt/tools/01- imt sdk-20230713t230121z-001/01- imt sdk/imt_sdk_win_64/winavr/bin/../lib/gcc/avr/4.3.3/../../../../avr/lib/avr5/crtm32.o (exit)
d:/imt/tools/01- imt sdk-20230713t230121z-001/01- imt sdk/imt_sdk_win_64/winavr/bin/../lib/gcc/avr/4.3.3/avr5\libgcc.a(_clear_bss.o)
                              ./USART.o (__do_clear_bss)

Allocating common symbols
Common symbol       size              file

USART_pfUDRFunc     0x2               ./USART.o
USART_pfTxFunc      0x2               ./USART.o
USART_pfRxFunc      0x2               ./USART.o

Memory Configuration

Name             Origin             Length             Attributes
text             0x00000000         0x00020000         xr
data             0x00800060         0x0000ffa0         rw !x
eeprom           0x00810000         0x00010000         rw !x
fuse             0x00820000         0x00000400         rw !x
lock             0x00830000         0x00000400         rw !x
signature        0x00840000         0x00000400         rw !x
*default*        0x00000000         0xffffffff

Linker script and memory map

LOAD d:/imt/tools/01- imt sdk-20230713t230121z-001/01- imt sdk/imt_sdk_win_64/winavr/bin/../lib/gcc/avr/4.3.3/../../../../avr/lib/avr5/crtm32.o
LOAD ./App.o
LOAD ./DIO.o
LOAD ./GIE.o
LOAD ./USART.o
LOAD d:/imt/tools/01- imt sdk-20230713t230121z-001/01- imt sdk/imt_sdk_win_64/winavr/bin/../lib/gcc/avr/4.3.3/avr5\libgcc.a
LOAD d:/imt/tools/01- imt sdk-20230713t230121z-001/01- imt sdk/imt_sdk_win_64/winavr/bin/../lib/gcc/avr/4.3.3/../../../../avr/lib/avr5\libc.a
LOAD d:/imt/tools/01- imt sdk-20230713t230121z-001/01- imt sdk/imt_sdk_win_64/winavr/bin/../lib/gcc/avr/4.3.3/avr5\libgcc.a

.hash
 *(.hash)

.dynsym
 *(.dynsym)

.dynstr
 *(.dynstr)

.gnu.version
 *(.gnu.version)

.gnu.version_d
 *(.gnu.version_d)

.gnu.version_r
 *(.gnu.version_r)

.rel.init
 *(.rel.init)

.rela.init
 *(.rela.init)

.rel.text
 *(.rel.text)
 *(.rel.text.*)
 *(.rel.gnu.linkonce.t*)

.rela.text
 *(.rela.text)
 *(.rela.text.*)
 *(.rela.gnu.linkonce.t*)

.rel.fini
 *(.rel.fini)

.rela.fini
 *(.rela.fini)

.rel.rodata
 *(.rel.rodata)
 *(.rel.rodata.*)
 *(.rel.gnu.linkonce.r*)

.rela.rodata
 *(.rela.rodata)
 *(.rela.rodata.*)
 *(.rela.gnu.linkonce.r*)

.rel.data
 *(.rel.data)
 *(.rel.data.*)
 *(.rel.gnu.linkonce.d*)

.rela.data
 *(.rela.data)
 *(.rela.data.*)
 *(.rela.gnu.linkonce.d*)

.rel.ctors
 *(.rel.ctors)

.rela.ctors
 *(.rela.ctors)

.rel.dtors
 *(.rel.dtors)

.rela.dtors
 *(.rela.dtors)

.rel.got
 *(.rel.got)

.rela.got
 *(.rela.got)

.rel.bss
 *(.rel.bss)

.rela.bss
 *(.rela.bss)

.rel.plt
 *(.rel.plt)

.rela.plt
 *(.rela.plt)

.text           0x00000000      0xa86
 *(.vectors)
 .vectors       0x00000000       0x54 d:/imt/tools/01- imt sdk-20230713t230121z-001/01- imt sdk/imt_sdk_win_64/winavr/bin/../lib/gcc/avr/4.3.3/../../../../avr/lib/avr5/crtm32.o
                0x00000000                __vectors
                0x00000000                __vector_default
 *(.vectors)
 *(.progmem.gcc*)
 *(.progmem*)
                0x00000054                . = ALIGN (0x2)
                0x00000054                __trampolines_start = .
 *(.trampolines)
 .trampolines   0x00000054        0x0 linker stubs
 *(.trampolines*)
                0x00000054                __trampolines_end = .
 *(.jumptables)
 *(.jumptables*)
 *(.lowtext)
 *(.lowtext*)
                0x00000054                __ctors_start = .
 *(.ctors)
                0x00000054                __ctors_end = .
                0x00000054                __dtors_start = .
 *(.dtors)
                0x00000054                __dtors_end = .
 SORT(*)(.ctors)
 SORT(*)(.dtors)
 *(.init0)
 .init0         0x00000054        0x0 d:/imt/tools/01- imt sdk-20230713t230121z-001/01- imt sdk/imt_sdk_win_64/winavr/bin/../lib/gcc/avr/4.3.3/../../../../avr/lib/avr5/crtm32.o
                0x00000054                __init
 *(.init0)
 *(.init1)
 *(.init1)
 *(.init2)
 .init2         0x00000054        0xc d:/imt/tools/01- imt sdk-20230713t230121z-001/01- imt sdk/imt_sdk_win_64/winavr/bin/../lib/gcc/avr/4.3.3/../../../../avr/lib/avr5/crtm32.o
 *(.init2)
 *(.init3)
 *(.init3)
 *(.init4)
 .init4         0x00000060       0x10 d:/imt/tools/01- imt sdk-20230713t230121z-001/01- imt sdk/imt_sdk_win_64/winavr/bin/../lib/gcc/avr/4.3.3/avr5\libgcc.a(_clear_bss.o)
                0x00000060                __do_clear_bss
 *(.init4)
 *(.init5)
 *(.init5)
 *(.init6)
 *(.init6)
 *(.init7)
 *(.init7)
 *(.init8)
 *(.init8)
 *(.init9)
 .init9         0x00000070        0x8 d:/imt/tools/01- imt sdk-20230713t230121z-001/01- imt sdk/imt_sdk_win_64/winavr/bin/../lib/gcc/avr/4.3.3/../../../../avr/lib/avr5/crtm32.o
 *(.init9)
 *(.text)
 .text          0x00000078        0x4 d:/imt/tools/01- imt sdk-20230713t230121z-001/01- imt sdk/imt_sdk_win_64/winavr/bin/../lib/gcc/avr/4.3.3/../../../../avr/lib/avr5/crtm32.o
                0x00000078                __vector_1
                0x00000078                __vector_12
                0x00000078                __bad_interrupt
                0x00000078                __vector_6
                0x00000078                __vector_3
                0x00000078                __vector_11
                0x00000078                __vector_17
                0x00000078                __vector_19
                0x00000078                __vector_7
                0x00000078                __vector_5
                0x00000078                __vector_4
                0x00000078                __vector_9
                0x00000078                __vector_2
                0x00000078                __vector_8
                0x00000078                __vector_10
                0x00000078                __vector_16
                0x00000078                __vector_18
                0x00000078                __vector_20
 .text          0x0000007c        0x0 ./App.o
 .text          0x0000007c        0x0 ./DIO.o
 .text          0x0000007c        0x0 ./GIE.o
 .text          0x0000007c        0x0 ./USART.o
 .text          0x0000007c        0x0 d:/imt/tools/01- imt sdk-20230713t230121z-001/01- imt sdk/imt_sdk_win_64/winavr/bin/../lib/gcc/avr/4.3.3/avr5\libgcc.a(_exit.o)
 .text          0x0000007c        0x0 d:/imt/tools/01- imt sdk-20230713t230121z-001/01- imt sdk/imt_sdk_win_64/winavr/bin/../lib/gcc/avr/4.3.3/avr5\libgcc.a(_clear_bss.o)
                0x0000007c                . = ALIGN (0x2)
 *(.text.*)
 .text.Recive   0x0000007c       0x32 ./App.o
                0x0000007c                Recive
 .text.main     0x000000ae       0x22 ./App.o
                0x000000ae                main
 .text.DIO_vidInit
                0x000000d0       0x2e ./DIO.o
                0x000000d0                DIO_vidInit
 .text.DIO_enuSetPinDir
                0x000000fe      0x1b4 ./DIO.o
                0x000000fe                DIO_enuSetPinDir
 .text.DIO_enuSetPinValue
                0x000002b2      0x1c6 ./DIO.o
                0x000002b2                DIO_enuSetPinValue
 .text.DIO_enuToglPinValue
                0x00000478       0xe8 ./DIO.o
                0x00000478                DIO_enuToglPinValue
 .text.DIO_enuReadPinValue
                0x00000560       0xfa ./DIO.o
                0x00000560                DIO_enuReadPinValue
 .text.DIO_enuSetPinPullUp
                0x0000065a       0x20 ./DIO.o
                0x0000065a                DIO_enuSetPinPullUp
 .text.GIE_VIDEnable
                0x0000067a       0x1c ./GIE.o
                0x0000067a                GIE_VIDEnable
 .text.GIE_VIDDisable
                0x00000696       0x1c ./GIE.o
                0x00000696                GIE_VIDDisable
 .text.USART_vidInit
                0x000006b2       0x66 ./USART.o
                0x000006b2                USART_vidInit
 .text.USART_vidEnable
                0x00000718       0x2a ./USART.o
                0x00000718                USART_vidEnable
 .text.USART_vidDisable
                0x00000742       0x2a ./USART.o
                0x00000742                USART_vidDisable
 .text.USART_vidEnable_Receiver
                0x0000076c       0x1c ./USART.o
                0x0000076c                USART_vidEnable_Receiver
 .text.USART_vidDisable_Receiver
                0x00000788       0x1c ./USART.o
                0x00000788                USART_vidDisable_Receiver
 .text.USART_vidEnable_Transmitter
                0x000007a4       0x1c ./USART.o
                0x000007a4                USART_vidEnable_Transmitter
 .text.USART_vidDisable_Transmitter
                0x000007c0       0x1c ./USART.o
                0x000007c0                USART_vidDisable_Transmitter
 .text.USART_vidEnable_RX_Int
                0x000007dc       0x1c ./USART.o
                0x000007dc                USART_vidEnable_RX_Int
 .text.USART_vidDisable_RX_Int
                0x000007f8       0x1c ./USART.o
                0x000007f8                USART_vidDisable_RX_Int
 .text.USART_vidEnable_TX_Int
                0x00000814       0x1c ./USART.o
                0x00000814                USART_vidEnable_TX_Int
 .text.USART_vidDisable_TX_Int
                0x00000830       0x1c ./USART.o
                0x00000830                USART_vidDisable_TX_Int
 .text.USART_vidEnable_UDR_Int
                0x0000084c       0x1c ./USART.o
                0x0000084c                USART_vidEnable_UDR_Int
 .text.USART_vidDisable_UDR_Int
                0x00000868       0x1c ./USART.o
                0x00000868                USART_vidDisable_UDR_Int
 .text.USART_vidSetCallBack_Rx
                0x00000884       0x24 ./USART.o
                0x00000884                USART_vidSetCallBack_Rx
 .text.USART_vidSetCallBack_Tx
                0x000008a8       0x24 ./USART.o
                0x000008a8                USART_vidSetCallBack_Tx
 .text.USART_vidSetCallBack_UDR
                0x000008cc       0x24 ./USART.o
                0x000008cc                USART_vidSetCallBack_UDR
 .text.USART_Transmit
                0x000008f0       0x2e ./USART.o
                0x000008f0                USART_Transmit
 .text.USART_TransmitString
                0x0000091e       0x38 ./USART.o
                0x0000091e                USART_TransmitString
 .text.USART_Receive
                0x00000956       0x1e ./USART.o
                0x00000956                USART_Receive
 .text.__vector_13
                0x00000974       0x5a ./USART.o
                0x00000974                __vector_13
 .text.__vector_14
                0x000009ce       0x5a ./USART.o
                0x000009ce                __vector_14
 .text.__vector_15
                0x00000a28       0x5a ./USART.o
                0x00000a28                __vector_15
 .text.libgcc   0x00000a82        0x0 d:/imt/tools/01- imt sdk-20230713t230121z-001/01- imt sdk/imt_sdk_win_64/winavr/bin/../lib/gcc/avr/4.3.3/avr5\libgcc.a(_exit.o)
 .text.libgcc   0x00000a82        0x0 d:/imt/tools/01- imt sdk-20230713t230121z-001/01- imt sdk/imt_sdk_win_64/winavr/bin/../lib/gcc/avr/4.3.3/avr5\libgcc.a(_clear_bss.o)
                0x00000a82                . = ALIGN (0x2)
 *(.fini9)
 .fini9         0x00000a82        0x0 d:/imt/tools/01- imt sdk-20230713t230121z-001/01- imt sdk/imt_sdk_win_64/winavr/bin/../lib/gcc/avr/4.3.3/avr5\libgcc.a(_exit.o)
                0x00000a82                exit
                0x00000a82                _exit
 *(.fini9)
 *(.fini8)
 *(.fini8)
 *(.fini7)
 *(.fini7)
 *(.fini6)
 *(.fini6)
 *(.fini5)
 *(.fini5)
 *(.fini4)
 *(.fini4)
 *(.fini3)
 *(.fini3)
 *(.fini2)
 *(.fini2)
 *(.fini1)
 *(.fini1)
 *(.fini0)
 .fini0         0x00000a82        0x4 d:/imt/tools/01- imt sdk-20230713t230121z-001/01- imt sdk/imt_sdk_win_64/winavr/bin/../lib/gcc/avr/4.3.3/avr5\libgcc.a(_exit.o)
 *(.fini0)
                0x00000a86                _etext = .

.data           0x00800060        0x0 load address 0x00000a86
                0x00800060                PROVIDE (__data_start, .)
 *(.data)
 .data          0x00800060        0x0 d:/imt/tools/01- imt sdk-20230713t230121z-001/01- imt sdk/imt_sdk_win_64/winavr/bin/../lib/gcc/avr/4.3.3/../../../../avr/lib/avr5/crtm32.o
 .data          0x00800060        0x0 ./App.o
 .data          0x00800060        0x0 ./DIO.o
 .data          0x00800060        0x0 ./GIE.o
 .data          0x00800060        0x0 ./USART.o
 .data          0x00800060        0x0 d:/imt/tools/01- imt sdk-20230713t230121z-001/01- imt sdk/imt_sdk_win_64/winavr/bin/../lib/gcc/avr/4.3.3/avr5\libgcc.a(_exit.o)
 .data          0x00800060        0x0 d:/imt/tools/01- imt sdk-20230713t230121z-001/01- imt sdk/imt_sdk_win_64/winavr/bin/../lib/gcc/avr/4.3.3/avr5\libgcc.a(_clear_bss.o)
 *(.data*)
 *(.rodata)
 *(.rodata*)
 *(.gnu.linkonce.d*)
                0x00800060                . = ALIGN (0x2)
                0x00800060                _edata = .
                0x00800060                PROVIDE (__data_end, .)

.bss            0x00800060        0x6
                0x00800060                PROVIDE (__bss_start, .)
 *(.bss)
 .bss           0x00800060        0x0 d:/imt/tools/01- imt sdk-20230713t230121z-001/01- imt sdk/imt_sdk_win_64/winavr/bin/../lib/gcc/avr/4.3.3/../../../../avr/lib/avr5/crtm32.o
 .bss           0x00800060        0x0 ./App.o
 .bss           0x00800060        0x0 ./DIO.o
 .bss           0x00800060        0x0 ./GIE.o
 .bss           0x00800060        0x0 ./USART.o
 .bss           0x00800060        0x0 d:/imt/tools/01- imt sdk-20230713t230121z-001/01- imt sdk/imt_sdk_win_64/winavr/bin/../lib/gcc/avr/4.3.3/avr5\libgcc.a(_exit.o)
 .bss           0x00800060        0x0 d:/imt/tools/01- imt sdk-20230713t230121z-001/01- imt sdk/imt_sdk_win_64/winavr/bin/../lib/gcc/avr/4.3.3/avr5\libgcc.a(_clear_bss.o)
 *(.bss*)
 *(COMMON)
 COMMON         0x00800060        0x6 ./USART.o
                0x00800060                USART_pfUDRFunc
                0x00800062                USART_pfTxFunc
                0x00800064                USART_pfRxFunc
                0x00800066                PROVIDE (__bss_end, .)
                0x00000a86                __data_load_start = LOADADDR (.data)
                0x00000a86                __data_load_end = (__data_load_start + SIZEOF (.data))

.noinit         0x00800066        0x0
                0x00800066                PROVIDE (__noinit_start, .)
 *(.noinit*)
                0x00800066                PROVIDE (__noinit_end, .)
                0x00800066                _end = .
                0x00800066                PROVIDE (__heap_start, .)

.eeprom         0x00810000        0x0
 *(.eeprom*)
                0x00810000                __eeprom_end = .

.fuse
 *(.fuse)
 *(.lfuse)
 *(.hfuse)
 *(.efuse)

.lock
 *(.lock*)

.signature
 *(.signature*)

.stab
 *(.stab)

.stabstr
 *(.stabstr)

.stab.excl
 *(.stab.excl)

.stab.exclstr
 *(.stab.exclstr)

.stab.index
 *(.stab.index)

.stab.indexstr
 *(.stab.indexstr)

.comment
 *(.comment)

.debug
 *(.debug)

.line
 *(.line)

.debug_srcinfo
 *(.debug_srcinfo)

.debug_sfnames
 *(.debug_sfnames)

.debug_aranges  0x00000000      0x160
 *(.debug_aranges)
 .debug_aranges
                0x00000000       0x28 ./App.o
 .debug_aranges
                0x00000028       0x48 ./DIO.o
 .debug_aranges
                0x00000070       0x28 ./GIE.o
 .debug_aranges
                0x00000098       0xc8 ./USART.o

.debug_pubnames
                0x00000000      0x360
 *(.debug_pubnames)
 .debug_pubnames
                0x00000000       0x26 ./App.o
 .debug_pubnames
                0x00000026       0x96 ./DIO.o
 .debug_pubnames
                0x000000bc       0x37 ./GIE.o
 .debug_pubnames
                0x000000f3      0x26d ./USART.o

.debug_info     0x00000000      0x641
 *(.debug_info)
 .debug_info    0x00000000       0xcc ./App.o
 .debug_info    0x000000cc      0x1fa ./DIO.o
 .debug_info    0x000002c6       0x8e ./GIE.o
 .debug_info    0x00000354      0x2ed ./USART.o
 *(.gnu.linkonce.wi.*)

.debug_abbrev   0x00000000      0x221
 *(.debug_abbrev)
 .debug_abbrev  0x00000000       0x78 ./App.o
 .debug_abbrev  0x00000078       0xb2 ./DIO.o
 .debug_abbrev  0x0000012a       0x38 ./GIE.o
 .debug_abbrev  0x00000162       0xbf ./USART.o

.debug_line     0x00000000      0xa0d
 *(.debug_line)
 .debug_line    0x00000000      0x210 ./App.o
 .debug_line    0x00000210      0x35a ./DIO.o
 .debug_line    0x0000056a       0xb4 ./GIE.o
 .debug_line    0x0000061e      0x3ef ./USART.o

.debug_frame    0x00000000      0x240
 *(.debug_frame)
 .debug_frame   0x00000000       0x30 ./App.o
 .debug_frame   0x00000030       0x70 ./DIO.o
 .debug_frame   0x000000a0       0x30 ./GIE.o
 .debug_frame   0x000000d0      0x170 ./USART.o

.debug_str      0x00000000      0x431
 *(.debug_str)
 .debug_str     0x00000000       0xc2 ./App.o
                                 0xf6 (size before relaxing)
 .debug_str     0x000000c2      0x106 ./DIO.o
                                0x1b0 (size before relaxing)
 .debug_str     0x000001c8       0x26 ./GIE.o
                                 0xca (size before relaxing)
 .debug_str     0x000001ee      0x243 ./USART.o
                                0x2ed (size before relaxing)

.debug_loc
 *(.debug_loc)

.debug_macinfo  0x00000000     0x4be6
 *(.debug_macinfo)
 .debug_macinfo
                0x00000000     0x1adf ./App.o
 .debug_macinfo
                0x00001adf     0x11ff ./DIO.o
 .debug_macinfo
                0x00002cde      0xcc8 ./GIE.o
 .debug_macinfo
                0x000039a6     0x1240 ./USART.o
OUTPUT(Flex_Sensor.elf elf32-avr)
LOAD linker stubs

.debug_ranges   0x00000000      0x140
 .debug_ranges  0x00000000       0x20 ./App.o
 .debug_ranges  0x00000020       0x40 ./DIO.o
 .debug_ranges  0x00000060       0x20 ./GIE.o
 .debug_ranges  0x00000080       0xc0 ./USART.o
