Archive member included because of file (symbol)

d:/imt/tools/01- imt sdk-20230713t230121z-001/01- imt sdk/imt_sdk_win_64/winavr/bin/../lib/gcc/avr/4.3.3/avr5\libgcc.a(_exit.o)
                              d:/imt/tools/01- imt sdk-20230713t230121z-001/01- imt sdk/imt_sdk_win_64/winavr/bin/../lib/gcc/avr/4.3.3/../../../../avr/lib/avr5/crtm32.o (exit)
d:/imt/tools/01- imt sdk-20230713t230121z-001/01- imt sdk/imt_sdk_win_64/winavr/bin/../lib/gcc/avr/4.3.3/avr5\libgcc.a(_copy_data.o)
                              ./App.o (__do_copy_data)
d:/imt/tools/01- imt sdk-20230713t230121z-001/01- imt sdk/imt_sdk_win_64/winavr/bin/../lib/gcc/avr/4.3.3/avr5\libgcc.a(_clear_bss.o)
                              ./App.o (__do_clear_bss)

Allocating common symbols
Common symbol       size              file

Check               0x1               ./App.o
password            0xa               ./App.o
index_check_name    0x1               ./App.o
correct_names_check
                    0xa               ./App.o
Buzzer_warning      0x1               ./App.o
EXT1_pfCallBack     0x2               ./EXT1.o
USART_pfUDRFunc     0x2               ./USART.o
index_check_pass    0x1               ./App.o
name_check          0x1               ./App.o
password_check      0x1               ./App.o
index               0x1               ./App.o
EXT0_pfCallBack     0x2               ./EXT0.o
DecimalNum          0x2               ./App.o
DecimalNums         0x4               ./App.o
USART_pfTxFunc      0x2               ./USART.o
name                0xa               ./App.o
USART_pfRxFunc      0x2               ./USART.o

Memory Configuration

Name             Origin             Length             Attributes
text             0x00000000         0x00020000         xr
data             0x00800060         0x0000ffa0         rw !x
eeprom           0x00810000         0x00010000         rw !x
fuse             0x00820000         0x00000400         rw !x
lock             0x00830000         0x00000400         rw !x
signature        0x00840000         0x00000400         rw !x
*default*        0x00000000         0xffffffff

Linker script and memory map

LOAD d:/imt/tools/01- imt sdk-20230713t230121z-001/01- imt sdk/imt_sdk_win_64/winavr/bin/../lib/gcc/avr/4.3.3/../../../../avr/lib/avr5/crtm32.o
LOAD ./App.o
LOAD ./BUZZER.o
LOAD ./DIO.o
LOAD ./EXT0.o
LOAD ./EXT1.o
LOAD ./GIE.o
LOAD ./HELP.o
LOAD ./USART.o
LOAD d:/imt/tools/01- imt sdk-20230713t230121z-001/01- imt sdk/imt_sdk_win_64/winavr/bin/../lib/gcc/avr/4.3.3/avr5\libgcc.a
LOAD d:/imt/tools/01- imt sdk-20230713t230121z-001/01- imt sdk/imt_sdk_win_64/winavr/bin/../lib/gcc/avr/4.3.3/../../../../avr/lib/avr5\libc.a
LOAD d:/imt/tools/01- imt sdk-20230713t230121z-001/01- imt sdk/imt_sdk_win_64/winavr/bin/../lib/gcc/avr/4.3.3/avr5\libgcc.a

.hash
 *(.hash)

.dynsym
 *(.dynsym)

.dynstr
 *(.dynstr)

.gnu.version
 *(.gnu.version)

.gnu.version_d
 *(.gnu.version_d)

.gnu.version_r
 *(.gnu.version_r)

.rel.init
 *(.rel.init)

.rela.init
 *(.rela.init)

.rel.text
 *(.rel.text)
 *(.rel.text.*)
 *(.rel.gnu.linkonce.t*)

.rela.text
 *(.rela.text)
 *(.rela.text.*)
 *(.rela.gnu.linkonce.t*)

.rel.fini
 *(.rel.fini)

.rela.fini
 *(.rela.fini)

.rel.rodata
 *(.rel.rodata)
 *(.rel.rodata.*)
 *(.rel.gnu.linkonce.r*)

.rela.rodata
 *(.rela.rodata)
 *(.rela.rodata.*)
 *(.rela.gnu.linkonce.r*)

.rel.data
 *(.rel.data)
 *(.rel.data.*)
 *(.rel.gnu.linkonce.d*)

.rela.data
 *(.rela.data)
 *(.rela.data.*)
 *(.rela.gnu.linkonce.d*)

.rel.ctors
 *(.rel.ctors)

.rela.ctors
 *(.rela.ctors)

.rel.dtors
 *(.rel.dtors)

.rela.dtors
 *(.rela.dtors)

.rel.got
 *(.rel.got)

.rela.got
 *(.rela.got)

.rel.bss
 *(.rel.bss)

.rela.bss
 *(.rela.bss)

.rel.plt
 *(.rel.plt)

.rela.plt
 *(.rela.plt)

.text           0x00000000     0x105c
 *(.vectors)
 .vectors       0x00000000       0x54 d:/imt/tools/01- imt sdk-20230713t230121z-001/01- imt sdk/imt_sdk_win_64/winavr/bin/../lib/gcc/avr/4.3.3/../../../../avr/lib/avr5/crtm32.o
                0x00000000                __vectors
                0x00000000                __vector_default
 *(.vectors)
 *(.progmem.gcc*)
 *(.progmem*)
                0x00000054                . = ALIGN (0x2)
                0x00000054                __trampolines_start = .
 *(.trampolines)
 .trampolines   0x00000054        0x0 linker stubs
 *(.trampolines*)
                0x00000054                __trampolines_end = .
 *(.jumptables)
 *(.jumptables*)
 *(.lowtext)
 *(.lowtext*)
                0x00000054                __ctors_start = .
 *(.ctors)
                0x00000054                __ctors_end = .
                0x00000054                __dtors_start = .
 *(.dtors)
                0x00000054                __dtors_end = .
 SORT(*)(.ctors)
 SORT(*)(.dtors)
 *(.init0)
 .init0         0x00000054        0x0 d:/imt/tools/01- imt sdk-20230713t230121z-001/01- imt sdk/imt_sdk_win_64/winavr/bin/../lib/gcc/avr/4.3.3/../../../../avr/lib/avr5/crtm32.o
                0x00000054                __init
 *(.init0)
 *(.init1)
 *(.init1)
 *(.init2)
 .init2         0x00000054        0xc d:/imt/tools/01- imt sdk-20230713t230121z-001/01- imt sdk/imt_sdk_win_64/winavr/bin/../lib/gcc/avr/4.3.3/../../../../avr/lib/avr5/crtm32.o
 *(.init2)
 *(.init3)
 *(.init3)
 *(.init4)
 .init4         0x00000060       0x16 d:/imt/tools/01- imt sdk-20230713t230121z-001/01- imt sdk/imt_sdk_win_64/winavr/bin/../lib/gcc/avr/4.3.3/avr5\libgcc.a(_copy_data.o)
                0x00000060                __do_copy_data
 .init4         0x00000076       0x10 d:/imt/tools/01- imt sdk-20230713t230121z-001/01- imt sdk/imt_sdk_win_64/winavr/bin/../lib/gcc/avr/4.3.3/avr5\libgcc.a(_clear_bss.o)
                0x00000076                __do_clear_bss
 *(.init4)
 *(.init5)
 *(.init5)
 *(.init6)
 *(.init6)
 *(.init7)
 *(.init7)
 *(.init8)
 *(.init8)
 *(.init9)
 .init9         0x00000086        0x8 d:/imt/tools/01- imt sdk-20230713t230121z-001/01- imt sdk/imt_sdk_win_64/winavr/bin/../lib/gcc/avr/4.3.3/../../../../avr/lib/avr5/crtm32.o
 *(.init9)
 *(.text)
 .text          0x0000008e        0x4 d:/imt/tools/01- imt sdk-20230713t230121z-001/01- imt sdk/imt_sdk_win_64/winavr/bin/../lib/gcc/avr/4.3.3/../../../../avr/lib/avr5/crtm32.o
                0x0000008e                __vector_12
                0x0000008e                __bad_interrupt
                0x0000008e                __vector_6
                0x0000008e                __vector_3
                0x0000008e                __vector_11
                0x0000008e                __vector_17
                0x0000008e                __vector_19
                0x0000008e                __vector_7
                0x0000008e                __vector_5
                0x0000008e                __vector_4
                0x0000008e                __vector_9
                0x0000008e                __vector_8
                0x0000008e                __vector_10
                0x0000008e                __vector_16
                0x0000008e                __vector_18
                0x0000008e                __vector_20
 .text          0x00000092        0x0 ./App.o
 .text          0x00000092        0x0 ./BUZZER.o
 .text          0x00000092        0x0 ./DIO.o
 .text          0x00000092        0x0 ./EXT0.o
 .text          0x00000092        0x0 ./EXT1.o
 .text          0x00000092        0x0 ./GIE.o
 .text          0x00000092        0x0 ./HELP.o
 .text          0x00000092        0x0 ./USART.o
 .text          0x00000092        0x0 d:/imt/tools/01- imt sdk-20230713t230121z-001/01- imt sdk/imt_sdk_win_64/winavr/bin/../lib/gcc/avr/4.3.3/avr5\libgcc.a(_exit.o)
 .text          0x00000092        0x0 d:/imt/tools/01- imt sdk-20230713t230121z-001/01- imt sdk/imt_sdk_win_64/winavr/bin/../lib/gcc/avr/4.3.3/avr5\libgcc.a(_copy_data.o)
 .text          0x00000092        0x0 d:/imt/tools/01- imt sdk-20230713t230121z-001/01- imt sdk/imt_sdk_win_64/winavr/bin/../lib/gcc/avr/4.3.3/avr5\libgcc.a(_clear_bss.o)
                0x00000092                . = ALIGN (0x2)
 *(.text.*)
 .text.Recive   0x00000092      0x15c ./App.o
                0x00000092                Recive
 .text.main     0x000001ee      0x1fc ./App.o
                0x000001ee                main
 .text.BUZZER_ON
                0x000003ea       0x1a ./BUZZER.o
                0x000003ea                BUZZER_ON
 .text.BUZZER_OFF
                0x00000404       0x1a ./BUZZER.o
                0x00000404                BUZZER_OFF
 .text.DIO_vidInit
                0x0000041e       0x2e ./DIO.o
                0x0000041e                DIO_vidInit
 .text.DIO_enuSetPinDir
                0x0000044c      0x1b4 ./DIO.o
                0x0000044c                DIO_enuSetPinDir
 .text.DIO_enuSetPinValue
                0x00000600      0x1c6 ./DIO.o
                0x00000600                DIO_enuSetPinValue
 .text.DIO_enuToglPinValue
                0x000007c6       0xe8 ./DIO.o
                0x000007c6                DIO_enuToglPinValue
 .text.DIO_enuReadPinValue
                0x000008ae       0xfa ./DIO.o
                0x000008ae                DIO_enuReadPinValue
 .text.DIO_enuSetPinPullUp
                0x000009a8       0x20 ./DIO.o
                0x000009a8                DIO_enuSetPinPullUp
 .text.EXT0_vidInit
                0x000009c8       0x46 ./EXT0.o
                0x000009c8                EXT0_vidInit
 .text.EXT0_vidEnable
                0x00000a0e       0x1c ./EXT0.o
                0x00000a0e                EXT0_vidEnable
 .text.EXT0_vidDisable
                0x00000a2a       0x1c ./EXT0.o
                0x00000a2a                EXT0_vidDisable
 .text.EXT0_vidChgMod
                0x00000a46       0x36 ./EXT0.o
                0x00000a46                EXT0_vidChgMod
 .text.EXT0_vidSetCallBack
                0x00000a7c       0x24 ./EXT0.o
                0x00000a7c                EXT0_vidSetCallBack
 .text.__vector_1
                0x00000aa0       0x5a ./EXT0.o
                0x00000aa0                __vector_1
 .text.EXT1_vidInit
                0x00000afa       0x44 ./EXT1.o
                0x00000afa                EXT1_vidInit
 .text.EXT1_vidEnable
                0x00000b3e       0x1c ./EXT1.o
                0x00000b3e                EXT1_vidEnable
 .text.EXT1_vidDisable
                0x00000b5a       0x1c ./EXT1.o
                0x00000b5a                EXT1_vidDisable
 .text.EXT1_vidChgMod
                0x00000b76       0x36 ./EXT1.o
                0x00000b76                EXT1_vidChgMod
 .text.EXT1_vidSetCallBack
                0x00000bac       0x24 ./EXT1.o
                0x00000bac                EXT1_vidSetCallBack
 .text.__vector_2
                0x00000bd0       0x5a ./EXT1.o
                0x00000bd0                __vector_2
 .text.GIE_VIDEnable
                0x00000c2a       0x1c ./GIE.o
                0x00000c2a                GIE_VIDEnable
 .text.GIE_VIDDisable
                0x00000c46       0x1c ./GIE.o
                0x00000c46                GIE_VIDDisable
 .text.charToDecimal
                0x00000c62       0x26 ./HELP.o
                0x00000c62                charToDecimal
 .text.USART_vidInit
                0x00000c88       0x66 ./USART.o
                0x00000c88                USART_vidInit
 .text.USART_vidEnable
                0x00000cee       0x2a ./USART.o
                0x00000cee                USART_vidEnable
 .text.USART_vidDisable
                0x00000d18       0x2a ./USART.o
                0x00000d18                USART_vidDisable
 .text.USART_vidEnable_Receiver
                0x00000d42       0x1c ./USART.o
                0x00000d42                USART_vidEnable_Receiver
 .text.USART_vidDisable_Receiver
                0x00000d5e       0x1c ./USART.o
                0x00000d5e                USART_vidDisable_Receiver
 .text.USART_vidEnable_Transmitter
                0x00000d7a       0x1c ./USART.o
                0x00000d7a                USART_vidEnable_Transmitter
 .text.USART_vidDisable_Transmitter
                0x00000d96       0x1c ./USART.o
                0x00000d96                USART_vidDisable_Transmitter
 .text.USART_vidEnable_RX_Int
                0x00000db2       0x1c ./USART.o
                0x00000db2                USART_vidEnable_RX_Int
 .text.USART_vidDisable_RX_Int
                0x00000dce       0x1c ./USART.o
                0x00000dce                USART_vidDisable_RX_Int
 .text.USART_vidEnable_TX_Int
                0x00000dea       0x1c ./USART.o
                0x00000dea                USART_vidEnable_TX_Int
 .text.USART_vidDisable_TX_Int
                0x00000e06       0x1c ./USART.o
                0x00000e06                USART_vidDisable_TX_Int
 .text.USART_vidEnable_UDR_Int
                0x00000e22       0x1c ./USART.o
                0x00000e22                USART_vidEnable_UDR_Int
 .text.USART_vidDisable_UDR_Int
                0x00000e3e       0x1c ./USART.o
                0x00000e3e                USART_vidDisable_UDR_Int
 .text.USART_vidSetCallBack_Rx
                0x00000e5a       0x24 ./USART.o
                0x00000e5a                USART_vidSetCallBack_Rx
 .text.USART_vidSetCallBack_Tx
                0x00000e7e       0x24 ./USART.o
                0x00000e7e                USART_vidSetCallBack_Tx
 .text.USART_vidSetCallBack_UDR
                0x00000ea2       0x24 ./USART.o
                0x00000ea2                USART_vidSetCallBack_UDR
 .text.USART_Transmit
                0x00000ec6       0x2e ./USART.o
                0x00000ec6                USART_Transmit
 .text.USART_TransmitString
                0x00000ef4       0x38 ./USART.o
                0x00000ef4                USART_TransmitString
 .text.USART_Receive
                0x00000f2c       0x1e ./USART.o
                0x00000f2c                USART_Receive
 .text.__vector_13
                0x00000f4a       0x5a ./USART.o
                0x00000f4a                __vector_13
 .text.__vector_14
                0x00000fa4       0x5a ./USART.o
                0x00000fa4                __vector_14
 .text.__vector_15
                0x00000ffe       0x5a ./USART.o
                0x00000ffe                __vector_15
 .text.libgcc   0x00001058        0x0 d:/imt/tools/01- imt sdk-20230713t230121z-001/01- imt sdk/imt_sdk_win_64/winavr/bin/../lib/gcc/avr/4.3.3/avr5\libgcc.a(_exit.o)
 .text.libgcc   0x00001058        0x0 d:/imt/tools/01- imt sdk-20230713t230121z-001/01- imt sdk/imt_sdk_win_64/winavr/bin/../lib/gcc/avr/4.3.3/avr5\libgcc.a(_copy_data.o)
 .text.libgcc   0x00001058        0x0 d:/imt/tools/01- imt sdk-20230713t230121z-001/01- imt sdk/imt_sdk_win_64/winavr/bin/../lib/gcc/avr/4.3.3/avr5\libgcc.a(_clear_bss.o)
                0x00001058                . = ALIGN (0x2)
 *(.fini9)
 .fini9         0x00001058        0x0 d:/imt/tools/01- imt sdk-20230713t230121z-001/01- imt sdk/imt_sdk_win_64/winavr/bin/../lib/gcc/avr/4.3.3/avr5\libgcc.a(_exit.o)
                0x00001058                exit
                0x00001058                _exit
 *(.fini9)
 *(.fini8)
 *(.fini8)
 *(.fini7)
 *(.fini7)
 *(.fini6)
 *(.fini6)
 *(.fini5)
 *(.fini5)
 *(.fini4)
 *(.fini4)
 *(.fini3)
 *(.fini3)
 *(.fini2)
 *(.fini2)
 *(.fini1)
 *(.fini1)
 *(.fini0)
 .fini0         0x00001058        0x4 d:/imt/tools/01- imt sdk-20230713t230121z-001/01- imt sdk/imt_sdk_win_64/winavr/bin/../lib/gcc/avr/4.3.3/avr5\libgcc.a(_exit.o)
 *(.fini0)
                0x0000105c                _etext = .

.data           0x00800060       0xd0 load address 0x0000105c
                0x00800060                PROVIDE (__data_start, .)
 *(.data)
 .data          0x00800060        0x0 d:/imt/tools/01- imt sdk-20230713t230121z-001/01- imt sdk/imt_sdk_win_64/winavr/bin/../lib/gcc/avr/4.3.3/../../../../avr/lib/avr5/crtm32.o
 .data          0x00800060       0x38 ./App.o
 .data          0x00800098        0x0 ./BUZZER.o
 .data          0x00800098        0x0 ./DIO.o
 .data          0x00800098        0x0 ./EXT0.o
 .data          0x00800098        0x0 ./EXT1.o
 .data          0x00800098        0x0 ./GIE.o
 .data          0x00800098        0x0 ./HELP.o
 .data          0x00800098        0x0 ./USART.o
 .data          0x00800098        0x0 d:/imt/tools/01- imt sdk-20230713t230121z-001/01- imt sdk/imt_sdk_win_64/winavr/bin/../lib/gcc/avr/4.3.3/avr5\libgcc.a(_exit.o)
 .data          0x00800098        0x0 d:/imt/tools/01- imt sdk-20230713t230121z-001/01- imt sdk/imt_sdk_win_64/winavr/bin/../lib/gcc/avr/4.3.3/avr5\libgcc.a(_copy_data.o)
 .data          0x00800098        0x0 d:/imt/tools/01- imt sdk-20230713t230121z-001/01- imt sdk/imt_sdk_win_64/winavr/bin/../lib/gcc/avr/4.3.3/avr5\libgcc.a(_clear_bss.o)
 *(.data*)
 .data.Access   0x00800098        0x1 ./App.o
                0x00800098                Access
 .data.Users    0x00800099       0x96 ./HELP.o
                0x00800099                Users
 *(.rodata)
 *(.rodata*)
 *(.gnu.linkonce.d*)
                0x00800130                . = ALIGN (0x2)
 *fill*         0x0080012f        0x1 00
                0x00800130                _edata = .
                0x00800130                PROVIDE (__data_end, .)

.bss            0x00800130       0x39
                0x00800130                PROVIDE (__bss_start, .)
 *(.bss)
 .bss           0x00800130        0x0 d:/imt/tools/01- imt sdk-20230713t230121z-001/01- imt sdk/imt_sdk_win_64/winavr/bin/../lib/gcc/avr/4.3.3/../../../../avr/lib/avr5/crtm32.o
 .bss           0x00800130        0x0 ./App.o
 .bss           0x00800130        0x0 ./BUZZER.o
 .bss           0x00800130        0x0 ./DIO.o
 .bss           0x00800130        0x0 ./EXT0.o
 .bss           0x00800130        0x0 ./EXT1.o
 .bss           0x00800130        0x0 ./GIE.o
 .bss           0x00800130        0x0 ./HELP.o
 .bss           0x00800130        0x0 ./USART.o
 .bss           0x00800130        0x0 d:/imt/tools/01- imt sdk-20230713t230121z-001/01- imt sdk/imt_sdk_win_64/winavr/bin/../lib/gcc/avr/4.3.3/avr5\libgcc.a(_exit.o)
 .bss           0x00800130        0x0 d:/imt/tools/01- imt sdk-20230713t230121z-001/01- imt sdk/imt_sdk_win_64/winavr/bin/../lib/gcc/avr/4.3.3/avr5\libgcc.a(_copy_data.o)
 .bss           0x00800130        0x0 d:/imt/tools/01- imt sdk-20230713t230121z-001/01- imt sdk/imt_sdk_win_64/winavr/bin/../lib/gcc/avr/4.3.3/avr5\libgcc.a(_clear_bss.o)
 *(.bss*)
 .bss.name_index
                0x00800130        0x1 ./App.o
                0x00800130                name_index
 .bss.password_index
                0x00800131        0x1 ./App.o
                0x00800131                password_index
 .bss.receiving_password
                0x00800132        0x1 ./App.o
                0x00800132                receiving_password
 .bss.DecimalNums_index
                0x00800133        0x1 ./App.o
                0x00800133                DecimalNums_index
 *(COMMON)
 COMMON         0x00800134       0x2b ./App.o
                0x00800134                Check
                0x00800135                password
                0x0080013f                index_check_name
                0x00800140                correct_names_check
                0x0080014a                Buzzer_warning
                0x0080014b                index_check_pass
                0x0080014c                name_check
                0x0080014d                password_check
                0x0080014e                index
                0x0080014f                DecimalNum
                0x00800151                DecimalNums
                0x00800155                name
 COMMON         0x0080015f        0x2 ./EXT0.o
                0x0080015f                EXT0_pfCallBack
 COMMON         0x00800161        0x2 ./EXT1.o
                0x00800161                EXT1_pfCallBack
 COMMON         0x00800163        0x6 ./USART.o
                0x00800163                USART_pfUDRFunc
                0x00800165                USART_pfTxFunc
                0x00800167                USART_pfRxFunc
                0x00800169                PROVIDE (__bss_end, .)
                0x0000105c                __data_load_start = LOADADDR (.data)
                0x0000112c                __data_load_end = (__data_load_start + SIZEOF (.data))

.noinit         0x00800169        0x0
                0x00800169                PROVIDE (__noinit_start, .)
 *(.noinit*)
                0x00800169                PROVIDE (__noinit_end, .)
                0x00800169                _end = .
                0x00800169                PROVIDE (__heap_start, .)

.eeprom         0x00810000        0x0
 *(.eeprom*)
                0x00810000                __eeprom_end = .

.fuse
 *(.fuse)
 *(.lfuse)
 *(.hfuse)
 *(.efuse)

.lock
 *(.lock*)

.signature
 *(.signature*)

.stab
 *(.stab)

.stabstr
 *(.stabstr)

.stab.excl
 *(.stab.excl)

.stab.exclstr
 *(.stab.exclstr)

.stab.index
 *(.stab.index)

.stab.indexstr
 *(.stab.indexstr)

.comment
 *(.comment)

.debug
 *(.debug)

.line
 *(.line)

.debug_srcinfo
 *(.debug_srcinfo)

.debug_sfnames
 *(.debug_sfnames)

.debug_aranges  0x00000000      0x238
 *(.debug_aranges)
 .debug_aranges
                0x00000000       0x28 ./App.o
 .debug_aranges
                0x00000028       0x28 ./BUZZER.o
 .debug_aranges
                0x00000050       0x48 ./DIO.o
 .debug_aranges
                0x00000098       0x48 ./EXT0.o
 .debug_aranges
                0x000000e0       0x48 ./EXT1.o
 .debug_aranges
                0x00000128       0x28 ./GIE.o
 .debug_aranges
                0x00000150       0x20 ./HELP.o
 .debug_aranges
                0x00000170       0xc8 ./USART.o

.debug_pubnames
                0x00000000      0x607
 *(.debug_pubnames)
 .debug_pubnames
                0x00000000      0x140 ./App.o
 .debug_pubnames
                0x00000140       0x2f ./BUZZER.o
 .debug_pubnames
                0x0000016f       0x96 ./DIO.o
 .debug_pubnames
                0x00000205       0x98 ./EXT0.o
 .debug_pubnames
                0x0000029d       0x98 ./EXT1.o
 .debug_pubnames
                0x00000335       0x37 ./GIE.o
 .debug_pubnames
                0x0000036c       0x2e ./HELP.o
 .debug_pubnames
                0x0000039a      0x26d ./USART.o

.debug_info     0x00000000      0xc6b
 *(.debug_info)
 .debug_info    0x00000000      0x314 ./App.o
 .debug_info    0x00000314       0x56 ./BUZZER.o
 .debug_info    0x0000036a      0x1fa ./DIO.o
 .debug_info    0x00000564      0x138 ./EXT0.o
 .debug_info    0x0000069c      0x138 ./EXT1.o
 .debug_info    0x000007d4       0x8e ./GIE.o
 .debug_info    0x00000862      0x11c ./HELP.o
 .debug_info    0x0000097e      0x2ed ./USART.o
 *(.gnu.linkonce.wi.*)

.debug_abbrev   0x00000000      0x4a4
 *(.debug_abbrev)
 .debug_abbrev  0x00000000       0xee ./App.o
 .debug_abbrev  0x000000ee       0x2d ./BUZZER.o
 .debug_abbrev  0x0000011b       0xb2 ./DIO.o
 .debug_abbrev  0x000001cd       0xa0 ./EXT0.o
 .debug_abbrev  0x0000026d       0xa0 ./EXT1.o
 .debug_abbrev  0x0000030d       0x38 ./GIE.o
 .debug_abbrev  0x00000345       0xa0 ./HELP.o
 .debug_abbrev  0x000003e5       0xbf ./USART.o

.debug_line     0x00000000     0x1052
 *(.debug_line)
 .debug_line    0x00000000      0x434 ./App.o
 .debug_line    0x00000434       0x9d ./BUZZER.o
 .debug_line    0x000004d1      0x35a ./DIO.o
 .debug_line    0x0000082b      0x17b ./EXT0.o
 .debug_line    0x000009a6      0x17b ./EXT1.o
 .debug_line    0x00000b21       0xb4 ./GIE.o
 .debug_line    0x00000bd5       0x8e ./HELP.o
 .debug_line    0x00000c63      0x3ef ./USART.o

.debug_frame    0x00000000      0x370
 *(.debug_frame)
 .debug_frame   0x00000000       0x30 ./App.o
 .debug_frame   0x00000030       0x30 ./BUZZER.o
 .debug_frame   0x00000060       0x70 ./DIO.o
 .debug_frame   0x000000d0       0x70 ./EXT0.o
 .debug_frame   0x00000140       0x70 ./EXT1.o
 .debug_frame   0x000001b0       0x30 ./GIE.o
 .debug_frame   0x000001e0       0x20 ./HELP.o
 .debug_frame   0x00000200      0x170 ./USART.o

.debug_str      0x00000000      0x6a0
 *(.debug_str)
 .debug_str     0x00000000      0x1f8 ./App.o
                                0x240 (size before relaxing)
 .debug_str     0x000001f8       0x21 ./BUZZER.o
                                 0x65 (size before relaxing)
 .debug_str     0x00000219      0x106 ./DIO.o
                                0x1af (size before relaxing)
 .debug_str     0x0000031f       0x84 ./EXT0.o
                                0x12d (size before relaxing)
 .debug_str     0x000003a3       0x74 ./EXT1.o
                                0x12d (size before relaxing)
 .debug_str     0x00000417       0x26 ./GIE.o
                                 0xc9 (size before relaxing)
 .debug_str     0x0000043d       0x25 ./HELP.o
                                 0xee (size before relaxing)
 .debug_str     0x00000462      0x23e ./USART.o
                                0x2ec (size before relaxing)

.debug_loc
 *(.debug_loc)

.debug_macinfo  0x00000000     0x7f6d
 *(.debug_macinfo)
 .debug_macinfo
                0x00000000     0x1b8b ./App.o
 .debug_macinfo
                0x00001b8b      0xbcc ./BUZZER.o
 .debug_macinfo
                0x00002757     0x1203 ./DIO.o
 .debug_macinfo
                0x0000395a      0xd93 ./EXT0.o
 .debug_macinfo
                0x000046ed      0xd93 ./EXT1.o
 .debug_macinfo
                0x00005480      0xcc8 ./GIE.o
 .debug_macinfo
                0x00006148      0xbe5 ./HELP.o
 .debug_macinfo
                0x00006d2d     0x1240 ./USART.o
OUTPUT(Smart_Home.elf elf32-avr)
LOAD linker stubs

.debug_ranges   0x00000000      0x1f8
 .debug_ranges  0x00000000       0x20 ./App.o
 .debug_ranges  0x00000020       0x20 ./BUZZER.o
 .debug_ranges  0x00000040       0x40 ./DIO.o
 .debug_ranges  0x00000080       0x40 ./EXT0.o
 .debug_ranges  0x000000c0       0x40 ./EXT1.o
 .debug_ranges  0x00000100       0x20 ./GIE.o
 .debug_ranges  0x00000120       0x18 ./HELP.o
 .debug_ranges  0x00000138       0xc0 ./USART.o
